// Jest Snapshot v1, https://goo.gl/fbAQLP

exports[`App component renders App 1`] = `
<DocumentFragment>
  <header>
    <h1>
      SPOT THAT TUNE
    </h1>
  </header>
  <div
    class="logo"
  >
    <img
      alt="logo"
      src="/path/image"
    />
  </div>
  <div
    class="login"
  >
    <button
      class="button"
    >
      Login to Spotify
      <div
        class="button__horizontal"
      />
      <div
        class="button__vertical"
      />
    </button>
  </div>
  <div
    class="links"
  >
    <a
      class="about"
      href="/about"
    >
      ABOUT US
    </a>
    <a
      class="instruction"
      href="/instructions"
    >
      INSTRUCTIONS
    </a>
  </div>
</DocumentFragment>
`;
